// Jest Snapshot v1, https://goo.gl/fbAQLP

exports[`<CampaignsView> Render with loading 1`] = `
Array [
  <p>
    <div
      data-mock="Icon"
    >
      {
  "name": "globe"
}
    </div>
    Â  Campaigns View
  </p>,
  <p>
    Loading...
  </p>,
  <div
    data-mock="Campaigns"
  >
    {
  "items": []
}
  </div>,
]
`;
