// Jest Snapshot v1, https://goo.gl/fbAQLP

exports[`<JsonView> Empty render 1`] = `
Array [
  <p>
    <div
      data-mock="Icon"
    >
      {
  "name": "gift"
}
    </div>
    Â  JSON Test View
  </p>,
  <div
    data-mock="JsonTest"
  />,
]
`;
