// Jest Snapshot v1, https://goo.gl/fbAQLP

exports[`<MainView> Simple render 1`] = `
Array [
  <div
    data-mock="Icon"
  >
    {
  "name": "globe"
}
  </div>,
  "  Main View",
  <p>
     
  </p>,
  <div
    data-mock="TestCss"
  />,
]
`;
