// Jest Snapshot v1, https://goo.gl/fbAQLP

exports[`<ThirdView> Empty render 1`] = `
Array [
  <div
    data-mock="Icon"
  >
    {
  "name": "fire"
}
  </div>,
  "Â  Third View",
]
`;
