// Jest Snapshot v1, https://goo.gl/fbAQLP

exports[`<Icon> Simple render 1`] = `null`;

exports[`<Icon> with className 1`] = `null`;

exports[`<Icon> with name 1`] = `
<span
  className="fa fa-fire"
  style={null}
/>
`;

exports[`<Icon> with style 1`] = `null`;
