// Jest Snapshot v1, https://goo.gl/fbAQLP

exports[`TransparentButton render default 1`] = `
<button
  className="sc-bdnylx deAxwH"
>
  Test
</button>
`;
