// Jest Snapshot v1, https://goo.gl/fbAQLP

exports[`<TestCss> Simple render 1`] = `
<div
  className="row"
>
  <div
    className="col"
  >
    <div
      data-mock="Select"
    >
      {
  "value": {
    "value": "show-css",
    "name": "Show CSS message"
  },
  "list": [
    {
      "name": "Select message"
    },
    {
      "value": "show-css",
      "name": "Show CSS message"
    },
    {
      "value": "hide-css",
      "name": "Hide CSS message"
    }
  ]
}
    </div>
  </div>
  <div
    className="col"
  >
    <div
      className="test-css"
    >
      This is custom component that helps testÂ 
      <span
        className="test-css__mini"
      >
        css minification
      </span>
      .
    </div>
  </div>
</div>
`;
